DELETE /scim/v2/Groups/{id}
DELETE /scim/v2/Users/{id}
DELETE /v1/action-plans/{id}
DELETE /v1/action-plans/{id}/controls/{control_id}
DELETE /v1/action-plans/{id}/risks/{risk_id}
DELETE /v1/admin/group-role-mappings/{id}
DELETE /v1/admin/llm-routing
DELETE /v1/admin/scim-credentials/{id}
DELETE /v1/admin/super-admins/{user_id}
DELETE /v1/csf/profiles/{kind}/selections/{requirement_id}
DELETE /v1/decisions/{id}/links/{kind}/{targetID}
DELETE /v1/me/sessions
DELETE /v1/me/sessions/{id}
DELETE /v1/org_units/{id}
DELETE /v1/risks/{id}
DELETE /v1/risks/{id}/themes/{theme}
DELETE /v1/saved-views/{id}
DELETE /v1/vendors/{id}
GET /.well-known/jwks.json
GET /.well-known/openid-configuration
GET /auth/oidc/callback
GET /auth/oidc/login
GET /health
GET /metrics
GET /oauth/authorize
GET /scim/v2/Groups
GET /scim/v2/Groups/{id}
GET /scim/v2/ResourceTypes
GET /scim/v2/Schemas
GET /scim/v2/ServiceProviderConfig
GET /scim/v2/Users
GET /scim/v2/Users/{id}
GET /v1/action-plans
GET /v1/action-plans/{id}
GET /v1/activity
GET /v1/activity/unified
GET /v1/admin/audit-log
GET /v1/admin/audit-log/export
GET /v1/admin/audit-log/unified
GET /v1/admin/audit-periods/export
GET /v1/admin/credentials
GET /v1/admin/demo/status
GET /v1/admin/evidence/export
GET /v1/admin/exceptions/export
GET /v1/admin/features
GET /v1/admin/framework-versions/migrations
GET /v1/admin/group-role-mappings
GET /v1/admin/llm-routing
GET /v1/admin/policies/export
GET /v1/admin/samples/export
GET /v1/admin/scim-credentials
GET /v1/admin/sso
GET /v1/admin/super-admins
GET /v1/admin/tenants
GET /v1/admin/users
GET /v1/admin/users/{id}
GET /v1/admin/vendors/export
GET /v1/aggregation-rules
GET /v1/aggregation-rules/{id}
GET /v1/anchors
GET /v1/anchors/export
GET /v1/anchors/{id}
GET /v1/anchors/{id}/requirements
GET /v1/audit-notes
GET /v1/audit-notes/thread
GET /v1/audit-periods
GET /v1/audit-periods/{id}
GET /v1/audit-periods/{id}/control-state
GET /v1/audit-periods/{id}/controls/{controlID}/evidence-summary
GET /v1/board-briefs
GET /v1/board-briefs/{id}
GET /v1/board-briefs/{id}.md
GET /v1/board-briefs/{id}/pdf
GET /v1/board-packs
GET /v1/board-packs/{id}
GET /v1/board-packs/{id}.md
GET /v1/board-packs/{id}/pdf
GET /v1/calendar
GET /v1/calendar.ics
GET /v1/controls
GET /v1/controls/checklist/{generationID}
GET /v1/controls/checklist/{generationID}/export.md
GET /v1/controls/drift
GET /v1/controls/export
GET /v1/controls/history/export
GET /v1/controls/{id}/action-plans
GET /v1/controls/{id}/applicability
GET /v1/controls/{id}/attest-form
GET /v1/controls/{id}/coverage
GET /v1/controls/{id}/effective-scope
GET /v1/controls/{id}/effectiveness
GET /v1/controls/{id}/evidence-summary
GET /v1/controls/{id}/gap-explanation
GET /v1/controls/{id}/history
GET /v1/controls/{id}/policies
GET /v1/controls/{id}/risks
GET /v1/controls/{id}/state
GET /v1/csf/gap
GET /v1/csf/profiles/{kind}
GET /v1/csf/tier
GET /v1/dashboard/export
GET /v1/decisions
GET /v1/decisions/overdue
GET /v1/decisions/{id}
GET /v1/decisions/{id}/audit-log
GET /v1/evidence
GET /v1/evidence-summary/portfolio
GET /v1/evidence/freshness
GET /v1/exceptions
GET /v1/exceptions/expiring
GET /v1/exceptions/{id}
GET /v1/exceptions/{id}/audit-log
GET /v1/features/enabled
GET /v1/framework-scopes
GET /v1/framework-scopes/{id}
GET /v1/frameworks
GET /v1/frameworks/posture
GET /v1/frameworks/scf/versions
GET /v1/install-state
GET /v1/mcp/write-proposals
GET /v1/mcp/write-proposals/{id}
GET /v1/me
GET /v1/me/acknowledgments
GET /v1/me/audit-period
GET /v1/me/audit-periods
GET /v1/me/email-channel
GET /v1/me/notifications
GET /v1/me/preferences
GET /v1/me/sessions
GET /v1/me/slack-channel
GET /v1/me/tenants
GET /v1/me/webhook-channel
GET /v1/metrics
GET /v1/metrics/cascade
GET /v1/metrics/{id}
GET /v1/metrics/{id}/observations
GET /v1/metrics/{id}/target
GET /v1/org_units
GET /v1/org_units/{id}
GET /v1/oscal/component-definitions
GET /v1/oscal/component-definitions/{id}
GET /v1/oscal/imported-profiles/{id}/provenance
GET /v1/policies
GET /v1/policies/{id}
GET /v1/policies/{id}/acknowledgment-rate
GET /v1/policies/{id}/pdf
GET /v1/populations/{id}
GET /v1/questionnaires
GET /v1/questionnaires/{id}
GET /v1/questionnaires/{id}/suggestions
GET /v1/requirements/{id}/anchors
GET /v1/requirements/{id}/coverage
GET /v1/risks
GET /v1/risks/export
GET /v1/risks/heatmap
GET /v1/risks/theme-heatmap
GET /v1/risks/{id}
GET /v1/risks/{id}/action-plans
GET /v1/risks/{id}/aggregation
GET /v1/samples/{id}
GET /v1/samples/{id}/annotations
GET /v1/saved-views
GET /v1/scopes/cells
GET /v1/scopes/dimensions
GET /v1/search
GET /v1/themes
GET /v1/upcoming
GET /v1/vendors
GET /v1/vendors/burndown
GET /v1/vendors/{id}
GET /v1/vendors/{id}/reviews
GET /v1/version
GET /v1/walkthroughs
GET /v1/walkthroughs/{id}
GET /v1/walkthroughs/{id}/export
PATCH /scim/v2/Groups/{id}
PATCH /scim/v2/Users/{id}
PATCH /v1/action-plans/{id}
PATCH /v1/admin/features/{key}
PATCH /v1/admin/sso
PATCH /v1/admin/users/{id}/roles
PATCH /v1/aggregation-rules/{id}/activate
PATCH /v1/aggregation-rules/{id}/deactivate
PATCH /v1/decisions/{id}
PATCH /v1/exceptions/{id}/activate
PATCH /v1/exceptions/{id}/approve
PATCH /v1/exceptions/{id}/deny
PATCH /v1/framework-scopes/{id}
PATCH /v1/framework-scopes/{id}/activate
PATCH /v1/framework-scopes/{id}/approve
PATCH /v1/framework-scopes/{id}/submit
PATCH /v1/me
PATCH /v1/me/notifications/{id}/read
PATCH /v1/me/preferences
PATCH /v1/org_units/{id}
PATCH /v1/oscal/component-claims/{id}/scf-anchor
PATCH /v1/policies/{id}/approve
PATCH /v1/policies/{id}/submit
PATCH /v1/questionnaires/{id}/answers/{qid}
PATCH /v1/tenants/{id}
PATCH /v1/vendors/{id}
POST /auth/local/login
POST /auth/logout
POST /oauth/device_authorization
POST /oauth/device_authorization/approve
POST /oauth/device_authorization/deny
POST /oauth/introspect
POST /oauth/revoke
POST /oauth/token
POST /scim/v2/Groups
POST /scim/v2/Users
POST /v1/action-plans
POST /v1/action-plans/{id}/controls/{control_id}
POST /v1/action-plans/{id}/risks/{risk_id}
POST /v1/admin/authz-bundle/reload
POST /v1/admin/credentials
POST /v1/admin/credentials/{id}/revoke
POST /v1/admin/credentials/{id}/rotate
POST /v1/admin/crosswalk-edges/{id}/tier
POST /v1/admin/demo/seed
POST /v1/admin/demo/teardown
POST /v1/admin/framework-versions/migrations/{id}/decision
POST /v1/admin/framework-versions/migrations:suggest
POST /v1/admin/framework-versions/{id}/promote
POST /v1/admin/framework-versions/{id}/revert
POST /v1/admin/group-role-mappings
POST /v1/admin/install/reset-bootstrap
POST /v1/admin/scim-credentials
POST /v1/admin/sso/preflight
POST /v1/admin/super-admins
POST /v1/admin/tenants
POST /v1/admin/users/assign
POST /v1/admin/users/revoke
POST /v1/aggregation-rules
POST /v1/audit-notes
POST /v1/audit-periods
POST /v1/audit-periods/{id}/freeze
POST /v1/audit-periods/{id}/oscal-export
POST /v1/audit-periods/{id}/oscal-export:download
POST /v1/audit-periods/{id}/populations/{popID}
POST /v1/board-briefs
POST /v1/board-packs
POST /v1/board-packs/{id}/publish
POST /v1/board-packs/{id}/sections/{key}/approve
POST /v1/board/narrative/approve
POST /v1/board/narrative/generate
POST /v1/board/narrative/generate-all
POST /v1/calendar/subscription
POST /v1/controls/checklist/sections/{id}:approve
POST /v1/controls/checklist:generate
POST /v1/controls/{id}/attestations
POST /v1/controls/{id}/owner
POST /v1/controls:bulk-assign-owner
POST /v1/controls:upload-bundle
POST /v1/decisions
POST /v1/decisions/{id}/links/{kind}
POST /v1/decisions/{id}/supersede
POST /v1/evidence:push
POST /v1/exceptions
POST /v1/framework-scopes
POST /v1/install/mark-first-signin
POST /v1/mcp/write-proposals
POST /v1/mcp/write-proposals/{id}/confirm
POST /v1/mcp/write-proposals/{id}/reject
POST /v1/metrics/{id}/inputs
POST /v1/org_units
POST /v1/oscal/component-claims/{id}:accept
POST /v1/oscal/component-claims/{id}:needs-info
POST /v1/oscal/component-claims/{id}:reject
POST /v1/policies
POST /v1/policies/{id}/acknowledge
POST /v1/policies/{id}/publish
POST /v1/populations
POST /v1/questionnaires
POST /v1/questionnaires/{id}/answers/{qid}/ai-approve
POST /v1/questionnaires/{id}/answers/{qid}/ai-suggest
POST /v1/questionnaires/{id}/export-pdf
POST /v1/questionnaires/{id}/import-excel
POST /v1/risks
POST /v1/risks/aggregate
POST /v1/risks/{id}/controls
POST /v1/risks/{id}/themes
POST /v1/samples
POST /v1/samples/{id}/annotations
POST /v1/saved-views
POST /v1/scopes/cells
POST /v1/test/issue-jwt
POST /v1/vendors
POST /v1/vendors/{id}/reviews
POST /v1/walkthroughs
POST /v1/walkthroughs/{id}/attachments
POST /v1/walkthroughs/{id}:finalize
PUT /scim/v2/Groups/{id}
PUT /scim/v2/Users/{id}
PUT /v1/admin/llm-routing
PUT /v1/board-packs/{id}/sections/{key}
PUT /v1/csf/profiles/{kind}
PUT /v1/csf/profiles/{kind}/selections
PUT /v1/csf/tier
PUT /v1/me/email-channel
PUT /v1/me/slack-channel
PUT /v1/me/webhook-channel
PUT /v1/metrics/{id}/target
