DELETE /scim/v2/Groups/{id} 9
DELETE /scim/v2/Users/{id} 9
DELETE /v1/action-plans/{id} 8
DELETE /v1/action-plans/{id}/controls/{control_id} 8
DELETE /v1/action-plans/{id}/risks/{risk_id} 8
DELETE /v1/admin/group-role-mappings/{id} 8
DELETE /v1/admin/llm-routing 8
DELETE /v1/admin/scim-credentials/{id} 8
DELETE /v1/admin/super-admins/{user_id} 8
DELETE /v1/csf/profiles/{kind}/selections/{requirement_id} 8
DELETE /v1/decisions/{id}/links/{kind}/{targetID} 8
DELETE /v1/me/sessions 8
DELETE /v1/me/sessions/{id} 8
DELETE /v1/org_units/{id} 8
DELETE /v1/risks/{id} 8
DELETE /v1/risks/{id}/themes/{theme} 8
DELETE /v1/saved-views/{id} 8
DELETE /v1/vendors/{id} 8
GET /.well-known/jwks.json 8
GET /.well-known/openid-configuration 8
GET /auth/oidc/callback 8
GET /auth/oidc/login 8
GET /health 8
GET /metrics 8
GET /oauth/authorize 8
GET /scim/v2/Groups 9
GET /scim/v2/Groups/{id} 9
GET /scim/v2/ResourceTypes 9
GET /scim/v2/Schemas 9
GET /scim/v2/ServiceProviderConfig 9
GET /scim/v2/Users 9
GET /scim/v2/Users/{id} 9
GET /v1/action-plans 8
GET /v1/action-plans/{id} 8
GET /v1/activity 8
GET /v1/activity/unified 8
GET /v1/admin/audit-log 8
GET /v1/admin/audit-log/export 8
GET /v1/admin/audit-log/unified 8
GET /v1/admin/audit-periods/export 8
GET /v1/admin/credentials 8
GET /v1/admin/demo/status 8
GET /v1/admin/evidence/export 8
GET /v1/admin/exceptions/export 8
GET /v1/admin/features 8
GET /v1/admin/framework-versions/migrations 8
GET /v1/admin/group-role-mappings 8
GET /v1/admin/llm-routing 8
GET /v1/admin/policies/export 8
GET /v1/admin/samples/export 8
GET /v1/admin/scim-credentials 8
GET /v1/admin/sso 8
GET /v1/admin/super-admins 8
GET /v1/admin/tenants 8
GET /v1/admin/users 8
GET /v1/admin/users/{id} 8
GET /v1/admin/vendors/export 8
GET /v1/aggregation-rules 8
GET /v1/aggregation-rules/{id} 8
GET /v1/anchors 8
GET /v1/anchors/export 8
GET /v1/anchors/{id} 8
GET /v1/anchors/{id}/requirements 8
GET /v1/audit-notes 8
GET /v1/audit-notes/thread 8
GET /v1/audit-periods 8
GET /v1/audit-periods/{id} 8
GET /v1/audit-periods/{id}/control-state 8
GET /v1/board-briefs 9
GET /v1/board-briefs/{id} 9
GET /v1/board-briefs/{id}.md 9
GET /v1/board-briefs/{id}/pdf 9
GET /v1/board-packs 9
GET /v1/board-packs/{id} 9
GET /v1/board-packs/{id}.md 9
GET /v1/board-packs/{id}/pdf 9
GET /v1/calendar 8
GET /v1/calendar.ics 8
GET /v1/controls 8
GET /v1/controls/checklist/{generationID} 8
GET /v1/controls/checklist/{generationID}/export.md 8
GET /v1/controls/drift 8
GET /v1/controls/export 8
GET /v1/controls/history/export 8
GET /v1/controls/{id}/action-plans 8
GET /v1/controls/{id}/applicability 8
GET /v1/controls/{id}/attest-form 8
GET /v1/controls/{id}/coverage 8
GET /v1/controls/{id}/effective-scope 8
GET /v1/controls/{id}/effectiveness 8
GET /v1/controls/{id}/evidence-summary 8
GET /v1/controls/{id}/gap-explanation 8
GET /v1/controls/{id}/history 8
GET /v1/controls/{id}/policies 8
GET /v1/controls/{id}/risks 8
GET /v1/controls/{id}/state 8
GET /v1/csf/gap 8
GET /v1/csf/profiles/{kind} 8
GET /v1/csf/tier 8
GET /v1/dashboard/export 8
GET /v1/decisions 8
GET /v1/decisions/overdue 8
GET /v1/decisions/{id} 8
GET /v1/decisions/{id}/audit-log 8
GET /v1/evidence 8
GET /v1/evidence/freshness 8
GET /v1/exceptions 8
GET /v1/exceptions/expiring 8
GET /v1/exceptions/{id} 8
GET /v1/exceptions/{id}/audit-log 8
GET /v1/features/enabled 8
GET /v1/framework-scopes 8
GET /v1/framework-scopes/{id} 8
GET /v1/frameworks 8
GET /v1/frameworks/posture 8
GET /v1/frameworks/scf/versions 8
GET /v1/install-state 8
GET /v1/mcp/write-proposals 8
GET /v1/mcp/write-proposals/{id} 8
GET /v1/me 8
GET /v1/me/acknowledgments 8
GET /v1/me/audit-period 8
GET /v1/me/audit-periods 8
GET /v1/me/email-channel 8
GET /v1/me/notifications 8
GET /v1/me/preferences 8
GET /v1/me/sessions 8
GET /v1/me/slack-channel 8
GET /v1/me/tenants 8
GET /v1/me/webhook-channel 8
GET /v1/metrics 8
GET /v1/metrics/cascade 8
GET /v1/metrics/{id} 8
GET /v1/metrics/{id}/observations 8
GET /v1/metrics/{id}/target 8
GET /v1/org_units 8
GET /v1/org_units/{id} 8
GET /v1/oscal/component-definitions 9
GET /v1/oscal/component-definitions/{id} 9
GET /v1/oscal/imported-profiles/{id}/provenance 8
GET /v1/policies 8
GET /v1/policies/{id} 8
GET /v1/policies/{id}/acknowledgment-rate 8
GET /v1/policies/{id}/pdf 8
GET /v1/populations/{id} 8
GET /v1/questionnaires 8
GET /v1/questionnaires/{id} 8
GET /v1/questionnaires/{id}/suggestions 8
GET /v1/requirements/{id}/anchors 8
GET /v1/requirements/{id}/coverage 8
GET /v1/risks 8
GET /v1/risks/export 8
GET /v1/risks/heatmap 8
GET /v1/risks/theme-heatmap 8
GET /v1/risks/{id} 8
GET /v1/risks/{id}/action-plans 8
GET /v1/risks/{id}/aggregation 8
GET /v1/samples/{id} 8
GET /v1/samples/{id}/annotations 8
GET /v1/saved-views 8
GET /v1/scopes/cells 8
GET /v1/scopes/dimensions 8
GET /v1/search 8
GET /v1/themes 8
GET /v1/upcoming 8
GET /v1/vendors 8
GET /v1/vendors/burndown 8
GET /v1/vendors/{id} 8
GET /v1/vendors/{id}/reviews 8
GET /v1/version 8
GET /v1/walkthroughs 8
GET /v1/walkthroughs/{id} 8
GET /v1/walkthroughs/{id}/export 8
PATCH /scim/v2/Groups/{id} 9
PATCH /scim/v2/Users/{id} 9
PATCH /v1/action-plans/{id} 8
PATCH /v1/admin/features/{key} 8
PATCH /v1/admin/sso 8
PATCH /v1/admin/users/{id}/roles 8
PATCH /v1/aggregation-rules/{id}/activate 8
PATCH /v1/aggregation-rules/{id}/deactivate 8
PATCH /v1/decisions/{id} 8
PATCH /v1/exceptions/{id}/activate 8
PATCH /v1/exceptions/{id}/approve 8
PATCH /v1/exceptions/{id}/deny 8
PATCH /v1/framework-scopes/{id} 8
PATCH /v1/framework-scopes/{id}/activate 8
PATCH /v1/framework-scopes/{id}/approve 8
PATCH /v1/framework-scopes/{id}/submit 8
PATCH /v1/me 8
PATCH /v1/me/notifications/{id}/read 8
PATCH /v1/me/preferences 8
PATCH /v1/org_units/{id} 8
PATCH /v1/oscal/component-claims/{id}/scf-anchor 9
PATCH /v1/policies/{id}/approve 8
PATCH /v1/policies/{id}/submit 8
PATCH /v1/questionnaires/{id}/answers/{qid} 8
PATCH /v1/tenants/{id} 8
PATCH /v1/vendors/{id} 8
POST /auth/local/login 8
POST /auth/logout 8
POST /oauth/device_authorization 8
POST /oauth/device_authorization/approve 8
POST /oauth/device_authorization/deny 8
POST /oauth/introspect 8
POST /oauth/revoke 8
POST /oauth/token 8
POST /scim/v2/Groups 9
POST /scim/v2/Users 9
POST /v1/action-plans 8
POST /v1/action-plans/{id}/controls/{control_id} 8
POST /v1/action-plans/{id}/risks/{risk_id} 8
POST /v1/admin/authz-bundle/reload 8
POST /v1/admin/credentials 8
POST /v1/admin/credentials/{id}/revoke 8
POST /v1/admin/credentials/{id}/rotate 8
POST /v1/admin/crosswalk-edges/{id}/tier 8
POST /v1/admin/demo/seed 8
POST /v1/admin/demo/teardown 8
POST /v1/admin/framework-versions/migrations/{id}/decision 8
POST /v1/admin/framework-versions/migrations:suggest 8
POST /v1/admin/framework-versions/{id}/promote 8
POST /v1/admin/framework-versions/{id}/revert 8
POST /v1/admin/group-role-mappings 8
POST /v1/admin/install/reset-bootstrap 8
POST /v1/admin/scim-credentials 8
POST /v1/admin/sso/preflight 8
POST /v1/admin/super-admins 8
POST /v1/admin/tenants 8
POST /v1/admin/users/assign 8
POST /v1/admin/users/revoke 8
POST /v1/aggregation-rules 8
POST /v1/audit-notes 8
POST /v1/audit-periods 8
POST /v1/audit-periods/{id}/freeze 8
POST /v1/audit-periods/{id}/oscal-export 8
POST /v1/audit-periods/{id}/oscal-export:download 8
POST /v1/audit-periods/{id}/populations/{popID} 8
POST /v1/board-briefs 9
POST /v1/board-packs 9
POST /v1/board-packs/{id}/publish 9
POST /v1/board-packs/{id}/sections/{key}/approve 9
POST /v1/board/narrative/approve 9
POST /v1/board/narrative/generate 9
POST /v1/calendar/subscription 8
POST /v1/controls/checklist/sections/{id}:approve 8
POST /v1/controls/checklist:generate 8
POST /v1/controls/{id}/attestations 8
POST /v1/controls/{id}/owner 8
POST /v1/controls:bulk-assign-owner 8
POST /v1/controls:upload-bundle 8
POST /v1/decisions 8
POST /v1/decisions/{id}/links/{kind} 8
POST /v1/decisions/{id}/supersede 8
POST /v1/evidence:push 8
POST /v1/exceptions 8
POST /v1/framework-scopes 8
POST /v1/install/mark-first-signin 8
POST /v1/mcp/write-proposals 8
POST /v1/mcp/write-proposals/{id}/confirm 8
POST /v1/mcp/write-proposals/{id}/reject 8
POST /v1/metrics/{id}/inputs 8
POST /v1/org_units 8
POST /v1/oscal/component-claims/{id}:accept 9
POST /v1/oscal/component-claims/{id}:needs-info 9
POST /v1/oscal/component-claims/{id}:reject 9
POST /v1/policies 8
POST /v1/policies/{id}/acknowledge 8
POST /v1/policies/{id}/publish 8
POST /v1/populations 8
POST /v1/questionnaires 8
POST /v1/questionnaires/{id}/answers/{qid}/ai-approve 8
POST /v1/questionnaires/{id}/answers/{qid}/ai-suggest 8
POST /v1/questionnaires/{id}/export-pdf 8
POST /v1/questionnaires/{id}/import-excel 8
POST /v1/risks 8
POST /v1/risks/aggregate 8
POST /v1/risks/{id}/controls 8
POST /v1/risks/{id}/themes 8
POST /v1/samples 8
POST /v1/samples/{id}/annotations 8
POST /v1/saved-views 8
POST /v1/scopes/cells 8
POST /v1/test/issue-jwt 8
POST /v1/vendors 8
POST /v1/vendors/{id}/reviews 8
POST /v1/walkthroughs 8
POST /v1/walkthroughs/{id}/attachments 8
POST /v1/walkthroughs/{id}:finalize 8
PUT /scim/v2/Groups/{id} 9
PUT /scim/v2/Users/{id} 9
PUT /v1/admin/llm-routing 8
PUT /v1/board-packs/{id}/sections/{key} 9
PUT /v1/csf/profiles/{kind} 8
PUT /v1/csf/profiles/{kind}/selections 8
PUT /v1/csf/tier 8
PUT /v1/me/email-channel 8
PUT /v1/me/slack-channel 8
PUT /v1/me/webhook-channel 8
PUT /v1/metrics/{id}/target 8
